{
    "Should run pipeline without failures": {
        "content": [
            19,
            "twistcgp_software_mqc_versions.yml:md5,3fbaa72a1c2813bd75f5c573ff5098a2",
            [
                "pipeline_info",
                "pipeline_info/twistcgp_software_mqc_versions.yml",
                "test2",
                "test2/chr21_baits.antitarget.bed",
                "test2/chr21_baits.target.bed",
                "test2/reference.cnn",
                "test2/snpEff_summary.html",
                "test2/test2.CollectHsMetrics.coverage_metrics",
                "test2/test2.CollectHsMetrics.per_target_metrics",
                "test2/test2.CollectMultipleMetrics.base_distribution_by_cycle.pdf",
                "test2/test2.CollectMultipleMetrics.gc_bias.pdf",
                "test2/test2.CollectMultipleMetrics.insert_size_histogram.pdf",
                "test2/test2.CollectMultipleMetrics.quality_by_cycle.pdf",
                "test2/test2.CollectMultipleMetrics.quality_distribution.pdf",
                "test2/test2.CollectMultipleMetrics.read_length_histogram.pdf",
                "test2/test2.MarkDuplicates.metrics.txt",
                "test2/test2.bam",
                "test2/test2.civic.vcf",
                "test2/test2.fastp.html",
                "test2/test2.fastp.json",
                "test2/test2.fastp.log",
                "test2/test2.mapped.bam",
                "test2/test2.mapped.bam.bai",
                "test2/test2.mapped.dup_marked.antitargetcoverage.cnn",
                "test2/test2.mapped.dup_marked.bai",
                "test2/test2.mapped.dup_marked.bam",
                "test2/test2.mapped.dup_marked.cnr",
                "test2/test2.mapped.dup_marked.targetcoverage.cnn",
                "test2/test2.paired.fail.fastq.gz",
                "test2/test2.snpeff.csv",
                "test2/test2.snpeff.genes.txt",
                "test2/test2.snpeff.vcf.gz",
                "test2/test2.snpeff.vcf.gz.tbi",
                "test2/test2.tmb.log",
                "test2/test2.tsv.gz",
                "test2/test2.vcf.gz",
                "test2/test2.vcf.gz.stats",
                "test2/test2.vcf.gz.tbi",
                "test2/test2.vep.vcf.gz",
                "test2/test2.vep.vcf.gz.tbi",
                "test2/test2.vep.vcf.gz_summary.html",
                "test2/test2_1.fail.fastq.gz",
                "test2/test2_1.fastp.fastq.gz",
                "test2/test2_1_fastqc.html",
                "test2/test2_1_fastqc.zip",
                "test2/test2_2.fail.fastq.gz",
                "test2/test2_2.fastp.fastq.gz",
                "test2/test2_2_fastqc.html",
                "test2/test2_2_fastqc.zip"
            ],
            [
                "chr21_baits.antitarget.bed:md5,83d39727e4d07106f9083f906b422ca7",
                "chr21_baits.target.bed:md5,8cc46a88f8f1d6b5da65bf2f2d94520e",
                "reference.cnn:md5,0b25c38933802f2023be4024fff0194a",
                "test2.fastp.json:md5,7909615e5a08c830c4dfc8f6ca493e10",
                "test2.mapped.dup_marked.antitargetcoverage.cnn:md5,2c78f4bb0d0ebc505cf76b008b31ab80",
                "test2.mapped.dup_marked.cnr:md5,caacd182ba4fb43461560b907f8830cb",
                "test2.mapped.dup_marked.targetcoverage.cnn:md5,70b95028269f8140fc10ab14384bec13",
                "test2.snpeff.genes.txt:md5,cdbf1059e51e5a7c4636b83c84438f88",
                "test2.tsv.gz:md5,b8a04abedeca76e31e93fff8fc4aad82",
                "test2.vcf.gz.stats:md5,c648b685bd2be4546c03f48d6e06ff26"
            ],
            [
                [
                    "test2.bam",
                    "c2bb26c0931578bf7b980a5c7a98d0a7"
                ],
                [
                    "test2.mapped.bam",
                    "c7e4cbff37862449d3d7cc454d1dde90"
                ],
                [
                    "test2.mapped.dup_marked.bam",
                    "c7e4cbff37862449d3d7cc454d1dde90"
                ]
            ],
            "b0c89d7b3c586aae1bb5f7055d92c62b"
        ],
        "meta": {
            "nf-test": "0.9.2",
            "nextflow": "25.04.2"
        },
        "timestamp": "2025-08-26T10:57:36.031774"
    },
    "Provide cosmic_vcf": {
        "content": [
            19,
            "twistcgp_software_mqc_versions.yml:md5,3fbaa72a1c2813bd75f5c573ff5098a2",
            [
                "pipeline_info",
                "pipeline_info/twistcgp_software_mqc_versions.yml",
                "test2",
                "test2/chr21_baits.antitarget.bed",
                "test2/chr21_baits.target.bed",
                "test2/reference.cnn",
                "test2/snpEff_summary.html",
                "test2/test2.CollectHsMetrics.coverage_metrics",
                "test2/test2.CollectHsMetrics.per_target_metrics",
                "test2/test2.CollectMultipleMetrics.base_distribution_by_cycle.pdf",
                "test2/test2.CollectMultipleMetrics.gc_bias.pdf",
                "test2/test2.CollectMultipleMetrics.insert_size_histogram.pdf",
                "test2/test2.CollectMultipleMetrics.quality_by_cycle.pdf",
                "test2/test2.CollectMultipleMetrics.quality_distribution.pdf",
                "test2/test2.CollectMultipleMetrics.read_length_histogram.pdf",
                "test2/test2.MarkDuplicates.metrics.txt",
                "test2/test2.bam",
                "test2/test2.civic.vcf",
                "test2/test2.fastp.html",
                "test2/test2.fastp.json",
                "test2/test2.fastp.log",
                "test2/test2.mapped.bam",
                "test2/test2.mapped.bam.bai",
                "test2/test2.mapped.dup_marked.antitargetcoverage.cnn",
                "test2/test2.mapped.dup_marked.bai",
                "test2/test2.mapped.dup_marked.bam",
                "test2/test2.mapped.dup_marked.cnr",
                "test2/test2.mapped.dup_marked.targetcoverage.cnn",
                "test2/test2.paired.fail.fastq.gz",
                "test2/test2.snpeff.csv",
                "test2/test2.snpeff.genes.txt",
                "test2/test2.snpeff.vcf.gz",
                "test2/test2.snpeff.vcf.gz.tbi",
                "test2/test2.tmb.log",
                "test2/test2.tsv.gz",
                "test2/test2.vcf.gz",
                "test2/test2.vcf.gz.stats",
                "test2/test2.vcf.gz.tbi",
                "test2/test2.vep.vcf.gz",
                "test2/test2.vep.vcf.gz.tbi",
                "test2/test2.vep.vcf.gz_summary.html",
                "test2/test2_1.fail.fastq.gz",
                "test2/test2_1.fastp.fastq.gz",
                "test2/test2_1_fastqc.html",
                "test2/test2_1_fastqc.zip",
                "test2/test2_2.fail.fastq.gz",
                "test2/test2_2.fastp.fastq.gz",
                "test2/test2_2_fastqc.html",
                "test2/test2_2_fastqc.zip"
            ],
            [
                "chr21_baits.antitarget.bed:md5,83d39727e4d07106f9083f906b422ca7",
                "chr21_baits.target.bed:md5,8cc46a88f8f1d6b5da65bf2f2d94520e",
                "reference.cnn:md5,0b25c38933802f2023be4024fff0194a",
                "test2.fastp.json:md5,7909615e5a08c830c4dfc8f6ca493e10",
                "test2.mapped.dup_marked.antitargetcoverage.cnn:md5,2c78f4bb0d0ebc505cf76b008b31ab80",
                "test2.mapped.dup_marked.cnr:md5,caacd182ba4fb43461560b907f8830cb",
                "test2.mapped.dup_marked.targetcoverage.cnn:md5,70b95028269f8140fc10ab14384bec13",
                "test2.snpeff.genes.txt:md5,cdbf1059e51e5a7c4636b83c84438f88",
                "test2.tsv.gz:md5,b8a04abedeca76e31e93fff8fc4aad82",
                "test2.vcf.gz.stats:md5,c648b685bd2be4546c03f48d6e06ff26"
            ]
        ],
        "meta": {
            "nf-test": "0.9.2",
            "nextflow": "25.04.2"
        },
        "timestamp": "2025-08-27T13:07:15.220514"
    },
    "Provide gnomAD germline_resource_vcf": {
        "content": [
            20,
            "twistcgp_software_mqc_versions.yml:md5,3fbaa72a1c2813bd75f5c573ff5098a2",
            [
                "pipeline_info",
                "pipeline_info/twistcgp_software_mqc_versions.yml",
                "test2",
                "test2/chr21_baits.antitarget.bed",
                "test2/chr21_baits.target.bed",
                "test2/reference.cnn",
                "test2/snpEff_summary.html",
                "test2/test2.CollectHsMetrics.coverage_metrics",
                "test2/test2.CollectHsMetrics.per_target_metrics",
                "test2/test2.CollectMultipleMetrics.base_distribution_by_cycle.pdf",
                "test2/test2.CollectMultipleMetrics.gc_bias.pdf",
                "test2/test2.CollectMultipleMetrics.insert_size_histogram.pdf",
                "test2/test2.CollectMultipleMetrics.quality_by_cycle.pdf",
                "test2/test2.CollectMultipleMetrics.quality_distribution.pdf",
                "test2/test2.CollectMultipleMetrics.read_length_histogram.pdf",
                "test2/test2.MarkDuplicates.metrics.txt",
                "test2/test2.bam",
                "test2/test2.civic.vcf",
                "test2/test2.fastp.html",
                "test2/test2.fastp.json",
                "test2/test2.fastp.log",
                "test2/test2.mapped.bam",
                "test2/test2.mapped.bam.bai",
                "test2/test2.mapped.dup_marked.antitargetcoverage.cnn",
                "test2/test2.mapped.dup_marked.bai",
                "test2/test2.mapped.dup_marked.bam",
                "test2/test2.mapped.dup_marked.cnr",
                "test2/test2.mapped.dup_marked.targetcoverage.cnn",
                "test2/test2.paired.fail.fastq.gz",
                "test2/test2.snpeff.csv",
                "test2/test2.snpeff.genes.txt",
                "test2/test2.snpeff.vcf.gz",
                "test2/test2.snpeff.vcf.gz.tbi",
                "test2/test2.tmb.log",
                "test2/test2.tsv.gz",
                "test2/test2.vcf.gz",
                "test2/test2.vcf.gz.stats",
                "test2/test2.vcf.gz.tbi",
                "test2/test2.vep.vcf.gz",
                "test2/test2.vep.vcf.gz.tbi",
                "test2/test2.vep.vcf.gz_summary.html",
                "test2/test2_1.fail.fastq.gz",
                "test2/test2_1.fastp.fastq.gz",
                "test2/test2_1_fastqc.html",
                "test2/test2_1_fastqc.zip",
                "test2/test2_2.fail.fastq.gz",
                "test2/test2_2.fastp.fastq.gz",
                "test2/test2_2_fastqc.html",
                "test2/test2_2_fastqc.zip"
            ],
            [
                "chr21_baits.antitarget.bed:md5,83d39727e4d07106f9083f906b422ca7",
                "chr21_baits.target.bed:md5,8cc46a88f8f1d6b5da65bf2f2d94520e",
                "reference.cnn:md5,0b25c38933802f2023be4024fff0194a",
                "test2.fastp.json:md5,7909615e5a08c830c4dfc8f6ca493e10",
                "test2.mapped.dup_marked.antitargetcoverage.cnn:md5,2c78f4bb0d0ebc505cf76b008b31ab80",
                "test2.mapped.dup_marked.cnr:md5,caacd182ba4fb43461560b907f8830cb",
                "test2.mapped.dup_marked.targetcoverage.cnn:md5,70b95028269f8140fc10ab14384bec13",
                "test2.snpeff.genes.txt:md5,cdbf1059e51e5a7c4636b83c84438f88",
                "test2.tsv.gz:md5,b8a04abedeca76e31e93fff8fc4aad82",
                "test2.vcf.gz.stats:md5,27ca4eb9cf7474b748c5b606be7eeab0"
            ]
        ],
        "meta": {
            "nf-test": "0.9.2",
            "nextflow": "25.04.2"
        },
        "timestamp": "2025-08-26T05:10:55.902361"
    },
    "Provide 1000 Genomes PoN VCF": {
        "content": [
            20,
            "twistcgp_software_mqc_versions.yml:md5,3fbaa72a1c2813bd75f5c573ff5098a2",
            [
                "pipeline_info",
                "pipeline_info/twistcgp_software_mqc_versions.yml",
                "test2",
                "test2/chr21_baits.antitarget.bed",
                "test2/chr21_baits.target.bed",
                "test2/reference.cnn",
                "test2/snpEff_summary.html",
                "test2/test2.CollectHsMetrics.coverage_metrics",
                "test2/test2.CollectHsMetrics.per_target_metrics",
                "test2/test2.CollectMultipleMetrics.base_distribution_by_cycle.pdf",
                "test2/test2.CollectMultipleMetrics.gc_bias.pdf",
                "test2/test2.CollectMultipleMetrics.insert_size_histogram.pdf",
                "test2/test2.CollectMultipleMetrics.quality_by_cycle.pdf",
                "test2/test2.CollectMultipleMetrics.quality_distribution.pdf",
                "test2/test2.CollectMultipleMetrics.read_length_histogram.pdf",
                "test2/test2.MarkDuplicates.metrics.txt",
                "test2/test2.bam",
                "test2/test2.civic.vcf",
                "test2/test2.fastp.html",
                "test2/test2.fastp.json",
                "test2/test2.fastp.log",
                "test2/test2.mapped.bam",
                "test2/test2.mapped.bam.bai",
                "test2/test2.mapped.dup_marked.antitargetcoverage.cnn",
                "test2/test2.mapped.dup_marked.bai",
                "test2/test2.mapped.dup_marked.bam",
                "test2/test2.mapped.dup_marked.cnr",
                "test2/test2.mapped.dup_marked.targetcoverage.cnn",
                "test2/test2.paired.fail.fastq.gz",
                "test2/test2.snpeff.csv",
                "test2/test2.snpeff.genes.txt",
                "test2/test2.snpeff.vcf.gz",
                "test2/test2.snpeff.vcf.gz.tbi",
                "test2/test2.tmb.log",
                "test2/test2.tsv.gz",
                "test2/test2.vcf.gz",
                "test2/test2.vcf.gz.stats",
                "test2/test2.vcf.gz.tbi",
                "test2/test2.vep.vcf.gz",
                "test2/test2.vep.vcf.gz.tbi",
                "test2/test2.vep.vcf.gz_summary.html",
                "test2/test2_1.fail.fastq.gz",
                "test2/test2_1.fastp.fastq.gz",
                "test2/test2_1_fastqc.html",
                "test2/test2_1_fastqc.zip",
                "test2/test2_2.fail.fastq.gz",
                "test2/test2_2.fastp.fastq.gz",
                "test2/test2_2_fastqc.html",
                "test2/test2_2_fastqc.zip"
            ],
            [
                "chr21_baits.antitarget.bed:md5,83d39727e4d07106f9083f906b422ca7",
                "chr21_baits.target.bed:md5,8cc46a88f8f1d6b5da65bf2f2d94520e",
                "reference.cnn:md5,0b25c38933802f2023be4024fff0194a",
                "test2.fastp.json:md5,7909615e5a08c830c4dfc8f6ca493e10",
                "test2.mapped.dup_marked.antitargetcoverage.cnn:md5,2c78f4bb0d0ebc505cf76b008b31ab80",
                "test2.mapped.dup_marked.cnr:md5,caacd182ba4fb43461560b907f8830cb",
                "test2.mapped.dup_marked.targetcoverage.cnn:md5,70b95028269f8140fc10ab14384bec13",
                "test2.snpeff.genes.txt:md5,cdbf1059e51e5a7c4636b83c84438f88",
                "test2.tsv.gz:md5,b8a04abedeca76e31e93fff8fc4aad82",
                "test2.vcf.gz.stats:md5,c51f5d4d81a35c473cf041228e83c53d"
            ]
        ],
        "meta": {
            "nf-test": "0.9.2",
            "nextflow": "25.04.2"
        },
        "timestamp": "2025-08-27T14:35:26.497658"
    }
}